
--- 2026-09-16T22:12:53.872Z debug
🪵  Writing logs to "/home/user/.config/.wrangler/logs/wrangler-2026-09-16_22-12-53_631.log"
---

--- 2026-09-16T22:12:53.872Z debug
.env file not found at "/home/user/baziche/backend/.env". Continuing... For more details, refer to https://developers.cloudflare.com/workers/wrangler/system-environment-variables/
---

--- 2026-09-16T22:12:53.874Z debug
.env file not found at "/home/user/baziche/backend/.env.local". Continuing... For more details, refer to https://developers.cloudflare.com/workers/wrangler/system-environment-variables/
---

--- 2026-09-16T22:12:53.889Z log

 ⛅️ wrangler 4.131.2
────────────────────
---

--- 2026-09-16T22:12:53.892Z log

Cloudflare collects anonymous telemetry about your usage of Wrangler. Learn more at https://github.com/cloudflare/workers-sdk/tree/main/packages/wrangler/telemetry.md
---

--- 2026-09-16T22:12:53.904Z debug
setting config
---

--- 2026-09-16T22:12:53.904Z debug
Updating config... undefined undefined
---

--- 2026-09-16T22:12:53.909Z debug
Metrics dispatcher: Posting data {"deviceId":"6205e303-b797-47e3-aeac-377d366538c2","event":"wrangler command started","timestamp":1789596773909,"properties":{"amplitude_session_id":1789596773891,"amplitude_event_id":0,"wranglerVersion":"4.131.2","wranglerMajorVersion":4,"wranglerMinorVersion":131,"wranglerPatchVersion":2,"osPlatform":"Linux","osVersion":"#1 SMP PREEMPT_DYNAMIC Fri Jul 17 14:31:34 UTC 2026","nodeVersion":22,"packageManager":"npm","isFirstUsage":false,"configFileType":"none","isCI":false,"isPagesCI":false,"isWorkersCI":false,"isInteractive":false,"hasAssets":false,"agent":null,"argsUsed":["ip","port"],"argsCombination":"ip, port","sanitizedCommand":"dev","sanitizedArgs":{},"currentAgentSkillsInstalled":null}}
---

--- 2026-09-16T22:12:54.007Z log
Using secrets defined in .dev.vars
---

--- 2026-09-16T22:12:54.010Z log
Your Worker has access to the following bindings:
---

--- 2026-09-16T22:12:54.010Z log
Binding                                            Resource                  Mode
---

--- 2026-09-16T22:12:54.010Z log
env.DB_AUTH (baziche-auth)                         D1 Database               local
---

--- 2026-09-16T22:12:54.010Z log
env.DB_DATA (baziche-data)                         D1 Database               local
---

--- 2026-09-16T22:12:54.010Z log
env.R2_PROJECTS (baziche-projects)                 R2 Bucket                 local
---

--- 2026-09-16T22:12:54.010Z log
env.R2_ASSETS (baziche-assets)                     R2 Bucket                 local
---

--- 2026-09-16T22:12:54.010Z log
env.R2_BUILDS (baziche-builds)                     R2 Bucket                 local
---

--- 2026-09-16T22:12:54.011Z log
env.ENVIRONMENT ("development")                    Environment Variable      local
---

--- 2026-09-16T22:12:54.011Z log
env.ACCESS_TOKEN_TTL_SEC ("900")                   Environment Variable      local
---

--- 2026-09-16T22:12:54.011Z log
env.REFRESH_TOKEN_TTL_SEC ("2592000")              Environment Variable      local
---

--- 2026-09-16T22:12:54.011Z log
env.REGISTRIES_VERSION ("1")                       Environment Variable      local
---

--- 2026-09-16T22:12:54.011Z log
env.DEFAULT_TARGET_API ("36")                      Environment Variable      local
---

--- 2026-09-16T22:12:54.011Z log
env.DEFAULT_MIN_API ("26")                         Environment Variable      local
---

--- 2026-09-16T22:12:54.011Z log
env.MAX_PROJECT_JSON_BYTES ("5242880")             Environment Variable      local
---

--- 2026-09-16T22:12:54.011Z log
env.JWT_SECRET ("(hidden)")                        Environment Variable      local
---

--- 2026-09-16T22:12:54.011Z log
env.JWT_SECRET_PREV ("(hidden)")                   Environment Variable      local
---

--- 2026-09-16T22:12:54.011Z log
env.PASSWORD_PEPPER ("(hidden)")                   Environment Variable      local
---

--- 2026-09-16T22:12:54.011Z log
env.R2_ACCOUNT_ID ("(hidden)")                     Environment Variable      local
---

--- 2026-09-16T22:12:54.011Z log
env.R2_ACCESS_KEY_ID ("(hidden)")                  Environment Variable      local
---

--- 2026-09-16T22:12:54.011Z log
env.R2_SECRET_ACCESS_KEY ("(hidden)")              Environment Variable      local
---

--- 2026-09-16T22:12:54.011Z log

---

--- 2026-09-16T22:12:54.391Z debug
RemoteRuntimeController teardown beginning...
---

--- 2026-09-16T22:12:54.391Z debug
RemoteRuntimeController teardown complete
---

--- 2026-09-16T22:12:54.396Z log
⎔ Starting local server...
---

--- 2026-09-16T22:12:54.401Z debug
[InspectorProxyWorker] handleProxyControllerIncomingMessage {"type":"reloadStart"}
---

--- 2026-09-16T22:12:54.794Z debug
[InspectorProxyWorker] handleProxyControllerIncomingMessage {"type":"reloadComplete","proxyData":{"userWorkerUrl":{"protocol":"http:","hostname":"127.0.0.1","port":"33807"},"userWorkerInspectorUrl":{"protocol":"ws:","hostname":"127.0.0.1","port":"40471","pathname":"/core:user:baziche-api"},"userWorkerInnerUrlOverrides":{"protocol":"http:"},"headers":{"MF-Proxy-Shared-Secret":"3e8942de-64c5-40bc-ae60-cdf00fff1a48"},"liveReload":false,"proxyLogsToController":false}}
---

--- 2026-09-16T22:12:54.795Z debug
[InspectorProxyWorker] reconnectRuntimeWebSocket
---

--- 2026-09-16T22:12:54.798Z debug
[InspectorProxyWorker] NEW RUNTIME WEBSOCKET http://127.0.0.1:40471/core:user:baziche-api
---

--- 2026-09-16T22:12:54.800Z debug
[InspectorProxyWorker] SEND TO DEVTOOLS {"method":"Runtime.executionContextsCleared"}
---

--- 2026-09-16T22:12:54.801Z debug
[InspectorProxyWorker] RUNTIME WEBSOCKET OPENED
---

--- 2026-09-16T22:12:54.802Z debug
[InspectorProxyWorker] SEND TO RUNTIME {"method":"Runtime.enable","id":100000001}
---

--- 2026-09-16T22:12:54.805Z debug
[InspectorProxyWorker] RUNTIME INCOMING MESSAGE {
  method: 'Runtime.executionContextCreated',
  params: {
    context: {
      id: 26349121,
      origin: '',
      name: 'Worker',
      uniqueId: '-4201741681094040845.-8435645628936244761'
    }
  }
}
---

--- 2026-09-16T22:12:54.806Z debug
[InspectorProxyWorker] RUNTIME INCOMING MESSAGE { id: 100000001, result: {} }
---

--- 2026-09-16T22:13:04.802Z debug
[InspectorProxyWorker] SEND TO RUNTIME {"method":"Runtime.getIsolateId","id":100000002}
---

--- 2026-09-16T22:13:04.803Z debug
[InspectorProxyWorker] RUNTIME INCOMING MESSAGE { id: 100000002, result: { id: '4b704e9658a3df23' } }
---

--- 2026-09-16T22:13:14.806Z debug
[InspectorProxyWorker] SEND TO RUNTIME {"method":"Runtime.getIsolateId","id":100000003}
---

--- 2026-09-16T22:13:14.809Z debug
[InspectorProxyWorker] RUNTIME INCOMING MESSAGE { id: 100000003, result: { id: '4b704e9658a3df23' } }
---

--- 2026-09-16T22:13:24.812Z debug
[InspectorProxyWorker] SEND TO RUNTIME {"method":"Runtime.getIsolateId","id":100000004}
---

--- 2026-09-16T22:13:24.814Z debug
[InspectorProxyWorker] RUNTIME INCOMING MESSAGE { id: 100000004, result: { id: '4b704e9658a3df23' } }
---

--- 2026-09-16T22:13:34.818Z debug
[InspectorProxyWorker] SEND TO RUNTIME {"method":"Runtime.getIsolateId","id":100000005}
---

--- 2026-09-16T22:13:34.819Z debug
[InspectorProxyWorker] RUNTIME INCOMING MESSAGE { id: 100000005, result: { id: '4b704e9658a3df23' } }
---

--- 2026-09-16T22:13:44.822Z debug
[InspectorProxyWorker] SEND TO RUNTIME {"method":"Runtime.getIsolateId","id":100000006}
---

--- 2026-09-16T22:13:44.823Z debug
[InspectorProxyWorker] RUNTIME INCOMING MESSAGE { id: 100000006, result: { id: '4b704e9658a3df23' } }
---

--- 2026-09-16T22:13:54.825Z debug
[InspectorProxyWorker] SEND TO RUNTIME {"method":"Runtime.getIsolateId","id":100000007}
---

--- 2026-09-16T22:13:54.826Z debug
[InspectorProxyWorker] RUNTIME INCOMING MESSAGE { id: 100000007, result: { id: '4b704e9658a3df23' } }
---

--- 2026-09-16T22:14:04.830Z debug
[InspectorProxyWorker] SEND TO RUNTIME {"method":"Runtime.getIsolateId","id":100000008}
---

--- 2026-09-16T22:14:04.831Z debug
[InspectorProxyWorker] RUNTIME INCOMING MESSAGE { id: 100000008, result: { id: '4b704e9658a3df23' } }
---

--- 2026-09-16T22:14:14.835Z debug
[InspectorProxyWorker] SEND TO RUNTIME {"method":"Runtime.getIsolateId","id":100000009}
---

--- 2026-09-16T22:14:14.836Z debug
[InspectorProxyWorker] RUNTIME INCOMING MESSAGE { id: 100000009, result: { id: '4b704e9658a3df23' } }
---

--- 2026-09-16T22:14:24.841Z debug
[InspectorProxyWorker] SEND TO RUNTIME {"method":"Runtime.getIsolateId","id":100000010}
---

--- 2026-09-16T22:14:24.842Z debug
[InspectorProxyWorker] RUNTIME INCOMING MESSAGE { id: 100000010, result: { id: '4b704e9658a3df23' } }
---

--- 2026-09-16T22:14:34.846Z debug
[InspectorProxyWorker] SEND TO RUNTIME {"method":"Runtime.getIsolateId","id":100000011}
---

--- 2026-09-16T22:14:34.848Z debug
[InspectorProxyWorker] RUNTIME INCOMING MESSAGE { id: 100000011, result: { id: '4b704e9658a3df23' } }
---

--- 2026-09-16T22:14:44.851Z debug
[InspectorProxyWorker] SEND TO RUNTIME {"method":"Runtime.getIsolateId","id":100000012}
---

--- 2026-09-16T22:14:44.852Z debug
[InspectorProxyWorker] RUNTIME INCOMING MESSAGE { id: 100000012, result: { id: '4b704e9658a3df23' } }
---

--- 2026-09-16T22:14:54.857Z debug
[InspectorProxyWorker] SEND TO RUNTIME {"method":"Runtime.getIsolateId","id":100000013}
---

--- 2026-09-16T22:14:54.858Z debug
[InspectorProxyWorker] RUNTIME INCOMING MESSAGE { id: 100000013, result: { id: '4b704e9658a3df23' } }
---

--- 2026-09-16T22:15:04.862Z debug
[InspectorProxyWorker] SEND TO RUNTIME {"method":"Runtime.getIsolateId","id":100000014}
---

--- 2026-09-16T22:15:04.863Z debug
[InspectorProxyWorker] RUNTIME INCOMING MESSAGE { id: 100000014, result: { id: '4b704e9658a3df23' } }
---

--- 2026-09-16T22:15:14.868Z debug
[InspectorProxyWorker] SEND TO RUNTIME {"method":"Runtime.getIsolateId","id":100000015}
---

--- 2026-09-16T22:15:14.869Z debug
[InspectorProxyWorker] RUNTIME INCOMING MESSAGE { id: 100000015, result: { id: '4b704e9658a3df23' } }
---

--- 2026-09-16T22:15:24.873Z debug
[InspectorProxyWorker] SEND TO RUNTIME {"method":"Runtime.getIsolateId","id":100000016}
---

--- 2026-09-16T22:15:24.874Z debug
[InspectorProxyWorker] RUNTIME INCOMING MESSAGE { id: 100000016, result: { id: '4b704e9658a3df23' } }
---

--- 2026-09-16T22:15:34.878Z debug
[InspectorProxyWorker] SEND TO RUNTIME {"method":"Runtime.getIsolateId","id":100000017}
---

--- 2026-09-16T22:15:34.880Z debug
[InspectorProxyWorker] RUNTIME INCOMING MESSAGE { id: 100000017, result: { id: '4b704e9658a3df23' } }
---

--- 2026-09-16T22:15:44.882Z debug
[InspectorProxyWorker] SEND TO RUNTIME {"method":"Runtime.getIsolateId","id":100000018}
---

--- 2026-09-16T22:15:44.883Z debug
[InspectorProxyWorker] RUNTIME INCOMING MESSAGE { id: 100000018, result: { id: '4b704e9658a3df23' } }
---

--- 2026-09-16T22:15:54.887Z debug
[InspectorProxyWorker] SEND TO RUNTIME {"method":"Runtime.getIsolateId","id":100000019}
---

--- 2026-09-16T22:15:54.889Z debug
[InspectorProxyWorker] RUNTIME INCOMING MESSAGE { id: 100000019, result: { id: '4b704e9658a3df23' } }
---

--- 2026-09-16T22:16:04.893Z debug
[InspectorProxyWorker] SEND TO RUNTIME {"method":"Runtime.getIsolateId","id":100000020}
---

--- 2026-09-16T22:16:04.894Z debug
[InspectorProxyWorker] RUNTIME INCOMING MESSAGE { id: 100000020, result: { id: '4b704e9658a3df23' } }
---

--- 2026-09-16T22:16:14.899Z debug
[InspectorProxyWorker] SEND TO RUNTIME {"method":"Runtime.getIsolateId","id":100000021}
---

--- 2026-09-16T22:16:14.900Z debug
[InspectorProxyWorker] RUNTIME INCOMING MESSAGE { id: 100000021, result: { id: '4b704e9658a3df23' } }
---

--- 2026-09-16T22:16:24.905Z debug
[InspectorProxyWorker] SEND TO RUNTIME {"method":"Runtime.getIsolateId","id":100000022}
---

--- 2026-09-16T22:16:24.907Z debug
[InspectorProxyWorker] RUNTIME INCOMING MESSAGE { id: 100000022, result: { id: '4b704e9658a3df23' } }
---

--- 2026-09-16T22:16:34.910Z debug
[InspectorProxyWorker] SEND TO RUNTIME {"method":"Runtime.getIsolateId","id":100000023}
---

--- 2026-09-16T22:16:34.912Z debug
[InspectorProxyWorker] RUNTIME INCOMING MESSAGE { id: 100000023, result: { id: '4b704e9658a3df23' } }
---

--- 2026-09-16T22:16:44.915Z debug
[InspectorProxyWorker] SEND TO RUNTIME {"method":"Runtime.getIsolateId","id":100000024}
---

--- 2026-09-16T22:16:44.916Z debug
[InspectorProxyWorker] RUNTIME INCOMING MESSAGE { id: 100000024, result: { id: '4b704e9658a3df23' } }
---

--- 2026-09-16T22:16:54.918Z debug
[InspectorProxyWorker] SEND TO RUNTIME {"method":"Runtime.getIsolateId","id":100000025}
---

--- 2026-09-16T22:16:54.919Z debug
[InspectorProxyWorker] RUNTIME INCOMING MESSAGE { id: 100000025, result: { id: '4b704e9658a3df23' } }
---

--- 2026-09-16T22:17:04.923Z debug
[InspectorProxyWorker] SEND TO RUNTIME {"method":"Runtime.getIsolateId","id":100000026}
---

--- 2026-09-16T22:17:04.924Z debug
[InspectorProxyWorker] RUNTIME INCOMING MESSAGE { id: 100000026, result: { id: '4b704e9658a3df23' } }
---

--- 2026-09-16T22:17:14.929Z debug
[InspectorProxyWorker] SEND TO RUNTIME {"method":"Runtime.getIsolateId","id":100000027}
---

--- 2026-09-16T22:17:14.930Z debug
[InspectorProxyWorker] RUNTIME INCOMING MESSAGE { id: 100000027, result: { id: '4b704e9658a3df23' } }
---

--- 2026-09-16T22:17:24.933Z debug
[InspectorProxyWorker] SEND TO RUNTIME {"method":"Runtime.getIsolateId","id":100000028}
---

--- 2026-09-16T22:17:24.934Z debug
[InspectorProxyWorker] RUNTIME INCOMING MESSAGE { id: 100000028, result: { id: '4b704e9658a3df23' } }
---

--- 2026-09-16T22:17:34.939Z debug
[InspectorProxyWorker] SEND TO RUNTIME {"method":"Runtime.getIsolateId","id":100000029}
---

--- 2026-09-16T22:17:34.940Z debug
[InspectorProxyWorker] RUNTIME INCOMING MESSAGE { id: 100000029, result: { id: '4b704e9658a3df23' } }
---

--- 2026-09-16T22:17:44.942Z debug
[InspectorProxyWorker] SEND TO RUNTIME {"method":"Runtime.getIsolateId","id":100000030}
---

--- 2026-09-16T22:17:44.943Z debug
[InspectorProxyWorker] RUNTIME INCOMING MESSAGE { id: 100000030, result: { id: '4b704e9658a3df23' } }
---

--- 2026-09-16T22:17:54.947Z debug
[InspectorProxyWorker] SEND TO RUNTIME {"method":"Runtime.getIsolateId","id":100000031}
---

--- 2026-09-16T22:17:54.958Z debug
[InspectorProxyWorker] RUNTIME INCOMING MESSAGE { id: 100000031, result: { id: '4b704e9658a3df23' } }
---

--- 2026-09-16T22:18:05.348Z debug
[InspectorProxyWorker] SEND TO RUNTIME {"method":"Runtime.getIsolateId","id":100000032}
---

--- 2026-09-16T22:18:06.840Z debug
[InspectorProxyWorker] RUNTIME INCOMING MESSAGE { id: 100000032, result: { id: '4b704e9658a3df23' } }
---

--- 2026-09-16T22:23:35.804Z debug
[InspectorProxyWorker] SEND TO RUNTIME {"method":"Runtime.getIsolateId","id":100000034}
---

--- 2026-09-16T22:23:35.809Z debug
[InspectorProxyWorker] RUNTIME INCOMING MESSAGE { id: 100000033, result: { id: '4b704e9658a3df23' } }
---

--- 2026-09-16T22:23:35.812Z debug
[InspectorProxyWorker] RUNTIME INCOMING MESSAGE { id: 100000034, result: { id: '4b704e9658a3df23' } }
---

--- 2026-09-16T22:23:35.813Z debug
[InspectorProxyWorker] SEND TO RUNTIME {"method":"Runtime.getIsolateId","id":100000035}
---

--- 2026-09-16T22:23:35.814Z debug
[InspectorProxyWorker] RUNTIME INCOMING MESSAGE { id: 100000035, result: { id: '4b704e9658a3df23' } }
---

--- 2026-09-16T22:23:45.809Z debug
[InspectorProxyWorker] SEND TO RUNTIME {"method":"Runtime.getIsolateId","id":100000036}
---

--- 2026-09-16T22:23:45.811Z debug
[InspectorProxyWorker] RUNTIME INCOMING MESSAGE { id: 100000036, result: { id: '4b704e9658a3df23' } }
---
