
--- 2026-09-17T00:47:35.904Z debug
🪵  Writing logs to "/home/user/.config/.wrangler/logs/wrangler-2026-09-17_00-47-35_655.log"
---

--- 2026-09-17T00:47:35.904Z debug
.env file not found at "/home/user/baziche/backend/.env". Continuing... For more details, refer to https://developers.cloudflare.com/workers/wrangler/system-environment-variables/
---

--- 2026-09-17T00:47:35.905Z debug
.env file not found at "/home/user/baziche/backend/.env.local". Continuing... For more details, refer to https://developers.cloudflare.com/workers/wrangler/system-environment-variables/
---

--- 2026-09-17T00:47:36.007Z log

 ⛅️ wrangler 4.131.2
────────────────────
---

--- 2026-09-17T00:47:36.021Z debug
setting config
---

--- 2026-09-17T00:47:36.021Z debug
Updating config... undefined undefined
---

--- 2026-09-17T00:47:36.027Z debug
Metrics dispatcher: Posting data {"deviceId":"6205e303-b797-47e3-aeac-377d366538c2","event":"wrangler command started","timestamp":1789606056027,"properties":{"amplitude_session_id":1789606056008,"amplitude_event_id":0,"wranglerVersion":"4.131.2","wranglerMajorVersion":4,"wranglerMinorVersion":131,"wranglerPatchVersion":2,"osPlatform":"Linux","osVersion":"#1 SMP PREEMPT_DYNAMIC Fri Jul 17 14:31:34 UTC 2026","nodeVersion":22,"isFirstUsage":false,"configFileType":"none","isCI":false,"isPagesCI":false,"isWorkersCI":false,"isInteractive":false,"hasAssets":false,"agent":null,"argsUsed":["port"],"argsCombination":"port","sanitizedCommand":"dev","sanitizedArgs":{},"currentAgentSkillsInstalled":null}}
---

--- 2026-09-17T00:47:36.392Z log
Using secrets defined in .dev.vars
---

--- 2026-09-17T00:47:36.394Z log
Your Worker has access to the following bindings:
---

--- 2026-09-17T00:47:36.395Z log
Binding                                            Resource                  Mode
---

--- 2026-09-17T00:47:36.395Z log
env.DB_AUTH (baziche-auth)                         D1 Database               local
---

--- 2026-09-17T00:47:36.395Z log
env.DB_DATA (baziche-data)                         D1 Database               local
---

--- 2026-09-17T00:47:36.395Z log
env.R2_PROJECTS (baziche-projects)                 R2 Bucket                 local
---

--- 2026-09-17T00:47:36.395Z log
env.R2_ASSETS (baziche-assets)                     R2 Bucket                 local
---

--- 2026-09-17T00:47:36.395Z log
env.R2_BUILDS (baziche-builds)                     R2 Bucket                 local
---

--- 2026-09-17T00:47:36.395Z log
env.ENVIRONMENT ("development")                    Environment Variable      local
---

--- 2026-09-17T00:47:36.395Z log
env.ACCESS_TOKEN_TTL_SEC ("900")                   Environment Variable      local
---

--- 2026-09-17T00:47:36.396Z log
env.REFRESH_TOKEN_TTL_SEC ("2592000")              Environment Variable      local
---

--- 2026-09-17T00:47:36.396Z log
env.REGISTRIES_VERSION ("1")                       Environment Variable      local
---

--- 2026-09-17T00:47:36.396Z log
env.DEFAULT_TARGET_API ("36")                      Environment Variable      local
---

--- 2026-09-17T00:47:36.396Z log
env.DEFAULT_MIN_API ("26")                         Environment Variable      local
---

--- 2026-09-17T00:47:36.396Z log
env.MAX_PROJECT_JSON_BYTES ("5242880")             Environment Variable      local
---

--- 2026-09-17T00:47:36.396Z log
env.JWT_SECRET ("(hidden)")                        Environment Variable      local
---

--- 2026-09-17T00:47:36.396Z log
env.JWT_SECRET_PREV ("(hidden)")                   Environment Variable      local
---

--- 2026-09-17T00:47:36.396Z log
env.PASSWORD_PEPPER ("(hidden)")                   Environment Variable      local
---

--- 2026-09-17T00:47:36.396Z log
env.R2_ACCOUNT_ID ("(hidden)")                     Environment Variable      local
---

--- 2026-09-17T00:47:36.396Z log
env.R2_ACCESS_KEY_ID ("(hidden)")                  Environment Variable      local
---

--- 2026-09-17T00:47:36.396Z log
env.R2_SECRET_ACCESS_KEY ("(hidden)")              Environment Variable      local
---

--- 2026-09-17T00:47:36.396Z log

---

--- 2026-09-17T00:47:36.696Z debug
RemoteRuntimeController teardown beginning...
---

--- 2026-09-17T00:47:36.696Z debug
RemoteRuntimeController teardown complete
---

--- 2026-09-17T00:47:36.700Z log
⎔ Starting local server...
---

--- 2026-09-17T00:47:37.173Z warn
▲ [WARNING] Scheduled Workers are not automatically triggered during local development.

  To manually trigger a scheduled event, run:
    curl "http://localhost:8787/cdn-cgi/local/scheduled"
  For more details, see https://developers.cloudflare.com/workers/configuration/cron-triggers/#test-cron-triggers-locally


---

--- 2026-09-17T00:47:37.182Z debug
[InspectorProxyWorker] handleProxyControllerIncomingMessage {"type":"reloadStart"}
---

--- 2026-09-17T00:47:37.300Z debug
[InspectorProxyWorker] handleProxyControllerIncomingMessage {"type":"reloadComplete","proxyData":{"userWorkerUrl":{"protocol":"http:","hostname":"127.0.0.1","port":"46147"},"userWorkerInspectorUrl":{"protocol":"ws:","hostname":"127.0.0.1","port":"33255","pathname":"/core:user:baziche-api"},"userWorkerInnerUrlOverrides":{"protocol":"http:"},"headers":{"MF-Proxy-Shared-Secret":"6268a112-c776-495a-89ba-c0f97240c227"},"liveReload":false,"proxyLogsToController":false}}
---

--- 2026-09-17T00:47:37.301Z debug
[InspectorProxyWorker] reconnectRuntimeWebSocket
---

--- 2026-09-17T00:47:37.303Z debug
[InspectorProxyWorker] NEW RUNTIME WEBSOCKET http://127.0.0.1:33255/core:user:baziche-api
---

--- 2026-09-17T00:47:37.304Z debug
[InspectorProxyWorker] RUNTIME WEBSOCKET OPENED
---

--- 2026-09-17T00:47:37.305Z debug
[InspectorProxyWorker] RUNTIME INCOMING MESSAGE {
  method: 'Runtime.executionContextCreated',
  params: {
    context: {
      id: 310896353,
      origin: '',
      name: 'Worker',
      uniqueId: '8937509297319306661.-70814210246404741'
    }
  }
}
---

--- 2026-09-17T00:47:37.307Z debug
[InspectorProxyWorker] SEND TO DEVTOOLS {"method":"Runtime.executionContextsCleared"}
---

--- 2026-09-17T00:47:37.308Z debug
[InspectorProxyWorker] RUNTIME INCOMING MESSAGE { id: 100000001, result: {} }
---

--- 2026-09-17T00:47:37.310Z debug
[InspectorProxyWorker] SEND TO RUNTIME {"method":"Runtime.enable","id":100000001}
---

--- 2026-09-17T00:47:47.307Z debug
[InspectorProxyWorker] SEND TO RUNTIME {"method":"Runtime.getIsolateId","id":100000002}
---

--- 2026-09-17T00:47:47.308Z debug
[InspectorProxyWorker] RUNTIME INCOMING MESSAGE { id: 100000002, result: { id: '88db636bc3902ae0' } }
---

--- 2026-09-17T00:47:57.308Z debug
[InspectorProxyWorker] SEND TO RUNTIME {"method":"Runtime.getIsolateId","id":100000003}
---

--- 2026-09-17T00:47:57.310Z debug
[InspectorProxyWorker] RUNTIME INCOMING MESSAGE { id: 100000003, result: { id: '88db636bc3902ae0' } }
---
